src/app/page.tsx(4,22): error TS1261: Already included file name 'C:/Users/udula/OneDrive/Documents/QTMA PLEASEE/qtma25/frontend/src/components/Features.tsx' differs from file name 'C:/Users/udula/OneDrive/Documents/QTMA PLEASEE/qtma25/frontend/src/components/features.tsx' only in casing.
  The file is in the program because:
    Imported via "@/components/Features" from file 'C:/Users/udula/OneDrive/Documents/QTMA PLEASEE/qtma25/frontend/src/app/page.tsx'
    Imported via '@/components/features' from file 'C:/Users/udula/OneDrive/Documents/QTMA PLEASEE/qtma25/frontend/src/app/welcome/page.tsx'
    Matched by include pattern '**/*.tsx' in 'C:/Users/udula/OneDrive/Documents/QTMA PLEASEE/qtma25/frontend/tsconfig.json'
src/app/welcome/page.tsx(3,22): error TS1149: File name 'C:/Users/udula/OneDrive/Documents/QTMA PLEASEE/qtma25/frontend/src/components/features.tsx' differs from already included file name 'C:/Users/udula/OneDrive/Documents/QTMA PLEASEE/qtma25/frontend/src/components/Features.tsx' only in casing.
  The file is in the program because:
    Imported via "@/components/Features" from file 'C:/Users/udula/OneDrive/Documents/QTMA PLEASEE/qtma25/frontend/src/app/page.tsx'
    Imported via '@/components/features' from file 'C:/Users/udula/OneDrive/Documents/QTMA PLEASEE/qtma25/frontend/src/app/welcome/page.tsx'
    Matched by include pattern '**/*.tsx' in 'C:/Users/udula/OneDrive/Documents/QTMA PLEASEE/qtma25/frontend/tsconfig.json'
